티몬 : 재고있음 http://mobile.tmon.co.kr/deals/5262257414
티몬 : 재고있음 http://mobile.tmon.co.kr/deals/3473350446
위메프 : 재고있음 https://front.wemakeprice.com/product/1284302768
위메프 : 재고있음 https://front.wemakeprice.com/product/203255871
네이버 : 재고있음 https://smartstore.naver.com/ks1st/products/4497205319
네이버 : 재고있음 https://smartstore.naver.com/jexco21/products/4952245275
SSG : 재고있음 http://www.ssg.com/item/itemView.ssg?itemId=0000001570515
SSG : 재고있음 http://www.ssg.com/item/itemView.ssg?itemId=1000039507427
11번가 : 재고있음 http://www.11st.co.kr/products/2935980321
옥션 : 재고있음 http://itempage3.auction.co.kr/DetailView.aspx?itemno=C224484103
G마켓 : 재고있음 http://mitem.gmarket.co.kr/Item?goodscode=1808202487
G마켓 : 품절 http://mitem.gmarket.co.kr/Item?goodscode=1923620360
옥션 : 재고있음 http://itempage3.auction.co.kr/DetailView.aspx?itemno=B768432406
코스트코 : 재고있음 https://www.costco.co.kr/HomeKitchen/Cleaning-Products/Cleaning-Chemicals/Hustorm-Microfiber-Floor-Clean-Pad-Set/p/640013
코스트코 : 재고있음 https://www.costco.co.kr/PatioLawnGarden/Outdoor-Structures/CanopiesCarports/-4M-x-10M-/p/639579
cupang_1 : 재고있음 https://m.coupang.com/vm/v4/enhanced-pdp/products/1487807826
cupang_2 : 재고있음 https://m.coupang.com/vm/v4/enhanced-pdp/products/230257151
